
=== PERFECT FLAGS ===============================================================

PERFECT_BRANCH_PRED = 0
PERFECT_DCACHE      = 0
PERFECT_ICACHE      = 0
PERFECT_TRACE_CACHE = 1
ORACLE_DISAMBIG     = 0

=== STRUCTURES AND POLICIES =====================================================

FETCH QUEUE = 64
RENAMER:
   ACTIVE LIST = 256
   PHYSICAL REGISTER FILE = 320 (auto-sized w.r.t. Active List)
   BRANCH CHECKPOINTS = 32
SCHEDULER:
   ISSUE QUEUE = 64
   PARTITIONS = 4
   PRESTEER = 0
   IDEAL AGE-BASED = 0
LOAD/STORE UNIT:
   LOAD QUEUE = 128
   STORE QUEUE = 128
   MEMORY DEPENDENCE PREDICTOR: MDP-ctr (max ctr: 31)
   SPLIT STORES = 0

=== PIPELINE STAGE WIDTHS =======================================================

FETCH WIDTH = 8
DISPATCH WIDTH = 8
ISSUE WIDTH = 16
RETIRE WIDTH = 8

=== EXECUTION LANES =============================================================

        |latency |   BR   |   LS   |  ALU_S |  ALU_C | LS_FP  | ALU_FP |  MTF   |
        +--------+--------+--------+--------+--------+--------+--------+--------+
lane 0  |    3   |        |   x    |        |        |   x    |        |        |
lane 1  |    1   |   x    |        |   x    |        |        |        |   x    |
lane 2  |    3   |        |        |        |   x    |        |   x    |        |
lane 3  |    1   |   x    |        |   x    |        |        |        |   x    |
lane 4  |    1   |   x    |        |   x    |        |        |        |   x    |
lane 5  |    3   |        |   x    |        |        |   x    |        |        |
lane 6  |    1   |   x    |        |   x    |        |        |        |   x    |
lane 7  |    3   |        |        |        |   x    |        |   x    |        |
lane 8  |    3   |        |   x    |        |        |   x    |        |        |
lane 9  |    1   |   x    |        |   x    |        |        |        |   x    |
lane 10  |    3   |        |        |        |   x    |        |   x    |        |
lane 11  |    1   |   x    |        |   x    |        |        |        |   x    |
lane 12  |    1   |   x    |        |   x    |        |        |        |   x    |
lane 13  |    3   |        |   x    |        |        |   x    |        |        |
lane 14  |    1   |   x    |        |   x    |        |        |        |   x    |
lane 15  |    3   |        |        |        |   x    |        |   x    |        |

=== MEMORY HIERARCHY ============================================================

L1 I$:
   64 KB, 8-way set-associative, 64 B block size
   hit latency = 1 cycles (superseded by fetch unit's pipeline depth)
   MHSRs = 32
L1 D$:
   64 KB, 4-way set-associative, 64 B block size
   hit latency = 1 cycles (superseded by load/store lane's pipeline depth)
   MHSRs = 128
L2$:
   1 MB, 8-way set-associative, 64 B block size
   hit latency = 10 cycles 
   MHSRs = 128
L3$:
   8 MB, 16-way set-associative, 128 B block size
   hit latency = 30 cycles 
   MHSRs = 128
   miss latency = 100 cycles

=== BRANCH PREDICTOR ============================================================

BQ_SIZE = 352 (auto-sized)
BTB_ENTRIES = 8192
BTB_ASSOC = 4
RAS_SIZE = 64
RAS_RECOVER_MODEL = RAS_RECOVER_TOS_POINTER_AND_CONTENT
COND_BRANCH_PRED_PER_CYCLE = 3
CBP_ALGORITHM = gshare
CBP_PC_LENGTH = 20
CBP_BHR_LENGTH = 16
IBP_PC_LENGTH = 20
IBP_BHR_LENGTH = 16
ENABLE_TRACE_CACHE = 1

=== VALUE PREDICTOR =============================================================

VP-eligible configuration:
   predINTALU          = 1 
   predFPALU           = 0 
   predLOAD            = 1 
VALUE PREDICTOR = stride (Project 4)
   VPQsize             = 300 
   oracleconf          = 0 (real confidence)
   # index bits        = 10 
   # tag bits          = 10 
   confmax             = 31 

COST ACCOUNTING
	One SVP entry:
		tag              :  10 bits
		conf             :   5 bits
		retired_value    :  64 bits
		stride           :  64 bits
		instance ctr     :   9 bits
		---------------------------
		bits/SVP entry   : 152 bits
	Total storage cost (bits)  (1024 SVP entries x 152 bits/SVP entry) = 155648
=== INTERNAL SIMULATOR STRUCTURES ===============================================

PAYLOAD_BUFFER_SIZE = 1024

=== END CONFIGURATION ===========================================================

[stats]
commit_count : 10000001
cycle_count : 3750074
exception_count : 0
ld_vio_count : 4899
split_count : 0
[rates]
ipc_rate : 2.67
BRANCH PREDICTION MEASUREMENTS---------------------
Type                      n          m     mr  mpki
All                 1378428      37065  2.69%  3.71
Branch               992584      37064  3.73%  3.71
Jump Direct          122445          0  0.00%  0.00
Call Direct          131700          0  0.00%  0.00
Jump Indirect             0          0  -nan%  0.00
Call Indirect             0          0  -nan%  0.00
Return               131699          1  0.00%  0.00
(Number of Jump Indirects whose target was the next sequential PC = 0)
BTB MEASUREMENTS-----------------------------------
BTB misses (fetch cycles squashed due to a BTB miss) = 0 (0.00% of all cycles)
LSU MEASUREMENTS-----------------------------------
LOADS (retired)
  loads            = 2931425
  disambig. stall  = 439295 (14.99%)
     disambig. stall: addr. unknown = 439295 (14.99%)
        true dep. stall             = 80426 (2.74%)
        false dep. stall            = 358869 (12.24%)
     disambig. stall: value or size = 0 (0.00%)
  load violations  = 4899 (0.17%)
  forward          = 777972 (26.54%)
  miss stall       = 76164 (2.60%)
STORES (retired)
  stores           = 1341677
  miss stall       = 0 (0.00%)
MDP quick stats
  false stalls     = 358869
  load violations  = 4899
VPU MEASUREMENTS-----------------------------------
vpmeas_ineligible         : 2720105
vpmeas_eligible           : 7279896
	vpmeas_miss            : 242
	vpmeas_conf_corr       : 4200312
	vpmeas_conf_incorr     : 9218
	vpmeas_unconf_corr     : 754498
	vpmeas_unconf_incorr   : 2315626
